# animated-computing-machine
P Build: LMY47V Build fingerprint: 'lge/ph1_trf_us/ph1:5.1.1/LMY47V/160070952bfe2:user/release-keys' Bootloader: unknown Radio: msm Network: HOME Kernel: Linux version 3.10.49-gcb653c1 (lgmobile@LGEACI5R9) (gcc version 4.8 (GCC) ) #1 SMP PREEMPT Thu Jan 7 10:02:27 KST 2016 Command line: sched_enable_hmp=1 console=ttyHSL0,115200,n8 androidboot.console=ttyHSL0 androidboot.hardware=ph1 user_debug=31 msm_rtb.filter=0x3F ehci-hcd.park=3 androidboot.bootdevice=7824900.sdhci lpm_levels.sleep_disabled=1 vmalloc=508m lge.uart=disable lge.rev=rev_10 model.name=LGL81AL lge.battid=SW3800_VC0 lge.bootreason=0x77665501 maxcpus androidboot.mode kswitch androidboot.fota androidboot.fota_reboot gpt androidboot.ddr_size=1610612736 androidboot.ddr_info=0x0 lge.hreset=off androidboot.dlcomplete=0 androidboot.emmc=true androidboot.serialno=LGL81AL2fd7d266 qpnp-power-on.warm_boot=1 lge.signed_image=true lge.db7400_cut=7 androidboot.baseband=msm mdss_mdp.panel=1:dsi:0:qcom,mdss_dsi_lgd_incell_db7400_hd_video:1:none  ------ UPTIME (uptime) ------ up time: 00:08:43, idle time: 00:26:51, sleep time: 00:00:00 [uptime: 0.101s elapsed]  ------ MMC PERF (/sys/block/mmcblk0/stat) ------    30455    13484  3652225   501620    21309    23330   518040   175900        0    70800   677790  ------ MEMORY INFO (/proc/meminfo) ------ MemTotal:        1425612 kB MemFree:           97688 kB Buffers:           23740 kB Cached:           502964 kB SwapCached:            0 kB Active:           845796 kB Inactive:         276424 kB Active(anon):     600048 kB Inactive(anon):     1960 kB Active(file):     245748 kB Inactive(file):   274464 kB Unevictable:        4328 kB Mlocked:               0 kB HighTotal:        955392 kB HighFree:           8864 kB LowTotal:         470220 kB LowFree:           88824 kB SwapTotal:             0 kB SwapFree:              0 kB Dirty:                84 kB Writeback:             0 kB AnonPages:        600040 kB Mapped:           316432 kB Shmem:              2088 kB Slab:              41956 kB SReclaimable:      13508 kB SUnreclaim:        28448 kB KernelStack:       11552 kB PageTables:        24404 kB NFS_Unstable:          0 kB Bounce:                0 kB WritebackTmp:          0 kB CommitLimit:      712804 kB Committed_AS:   29041704 kB VmallocTotal:     520192 kB VmallocUsed:       14152 kB VmallocChunk:     269340 kB  ------ CPU INFO (top -n 1 -d 1 -m 30 -t) ------    User 4%, System 4%, IOW 0%, IRQ 0% User 22 + Nice 1 + Sys 20 + Idle 435 + IOW 0 + IRQ 0 + SIRQ 3 = 481    PID   TID PR CPU% S     VSS     RSS PCY UID      Thread          Proc  6742  6742  0   3% R   3212K   1644K unk shell    top             top  1237  1971  0   1% S 1283100K 136948K unk u0_a20   RenderThread    com.android.systemui  1902  1928  1   0% S 1021336K  49232K unk u0_a92   GCDaemon        com.google.android.marvin.talkback  1237  1237  1   0% S 1283100K 136948K unk u0_a20   ndroid.systemui com.android.systemui  1902  1902  1   0% S 1021336K  49232K unk u0_a92   marvin.talkback com.google.android.marvin.talkback   846   846  0   0% S 1221284K 121208K unk system   system_server   system_server   289   289  1   0% S  83644K  13772K unk system   surfaceflinger  /system/bin/surfaceflinger  6393  6393  1   0% S      0K      0K  fg root     kworker/1:0       1902  1940  1   0% S 1021336K  49232K  fg u0_a92   Binder_2        com.google.android.marvin.talkback  1573  2249  1   0% S 1031092K  45488K  fg radio    Binder_3        com.android.server.telecom   170   170  0   0% S      0K      0K  fg root     kworker/u8:6       141   141  0   0% S      0K      0K  fg root     cfinteractive      846  1630  2   0% S 1221284K 121208K  fg system   Binder_9        system_server   175   175  1   0% S      0K      0K unk root     mmcqd/0           5546  5546  0   0% S 1493684K 252308K  bg u0_a57   droid.apps.docs com.google.android.apps.docs    17    17  2   0% S      0K      0K  fg root     kworker/2:0         18    18  2   0% S      0K      0K  fg root     kworker/2:0H        19    19  3   0% S      0K      0K  fg root     migration/3         20    20  3   0% S      0K      0K  fg root     ksoftirqd/3         21    21  3   0% S      0K      0K  fg root     kworker/3:0         22    22  3   0% S      0K      0K  fg root     kworker/3:0H        23    23  1   0% S      0K      0K  fg root     khelper             24    24  1   0% S      0K      0K  fg root     netns               25    25  1   0% S      0K      0K  fg root     kworker/1:1         27    27  2   0% S      0K      0K  fg root     kworker/2:1         28    28  3   0% S      0K      0K  fg root     kworker/3:1         29    29  0   0% S      0K      0K  fg root     kworker/0:1H        30    30  1   0% S      0K      0K  fg root     smd_channel_clo     31    31  1   0% S      0K      0K  fg root     smsm_cb_wq          32    32  1   0% S      0K      0K  fg root     kworker/u8:1     [top: 1.510s elapsed]
